overrideid 11
overridemap 1
overridemintime 5
overridemaxtime 10
## By Nerun
## v.1.1
* Bird:BlackBear:Boar:Bull:Cougar:Cow:DireWolf:Eagle:Goat:GreatHart:Hind:GrizzlyBear:Horse:Panther:Pig:Sheep:TimberWolf:WanderingHealer:BrownBear 3394 628 5 2 5 10 50 50 1 19
* Bird:BlackBear:Boar:Bull:Cougar:Cow:DireWolf:Eagle:Goat:GreatHart:Hind:GrizzlyBear:Horse:Panther:Pig:Sheep:TimberWolf:WanderingHealer:BrownBear 3232 510 0 2 5 10 50 50 1 19
* Bird:BlackBear:Boar:Bull:Cougar:Cow:DireWolf:Eagle:Goat:GreatHart:Hind:GrizzlyBear:Horse:Panther:Pig:Sheep:TimberWolf:WanderingHealer:BrownBear 4478 3218 0 2 5 10 50 50 1 19
* Bird:BlackBear:Boar:Bull:Cougar:Cow:DireWolf:Eagle:Goat:GreatHart:Hind:GrizzlyBear:Horse:Panther:Pig:Sheep:TimberWolf:WanderingHealer:BrownBear 4446 3706 0 2 5 10 50 50 1 19
* Bird:BlackBear:Boar:Bull:Cougar:Cow:DireWolf:Eagle:Goat:GreatHart:Hind:GrizzlyBear:Horse:Panther:Pig:Sheep:TimberWolf:WanderingHealer:BrownBear 4682 3662 77 2 5 10 50 50 1 19
* Bird:BlackBear:Boar:Bull:Cougar:Cow:DireWolf:Eagle:Goat:GreatHart:Hind:GrizzlyBear:Horse:Panther:Pig:Sheep:TimberWolf:WanderingHealer:BrownBear 4692 3494 1 2 5 10 50 50 1 19
* Bird:BlackBear:Boar:Bull:Cougar:Cow:DireWolf:Eagle:Goat:GreatHart:Hind:GrizzlyBear:Horse:Panther:Pig:Sheep:TimberWolf:WanderingHealer:BrownBear 4560 3504 2 2 5 10 50 50 1 19
* Bird:BlackBear:Boar:Bull:Cougar:Cow:DireWolf:Eagle:Goat:GreatHart:Hind:GrizzlyBear:Horse:Panther:Pig:Sheep:TimberWolf:WanderingHealer:BrownBear 4612 3424 0 2 5 10 50 50 1 19
* Bird:BlackBear:Boar:Bull:Cougar:Cow:DireWolf:Eagle:Goat:GreatHart:Hind:GrizzlyBear:Horse:Panther:Pig:Sheep:TimberWolf:WanderingHealer:BrownBear 3607 2417 45 2 5 10 50 50 1 19
* Bird:BlackBear:Boar:Bull:Cougar:Cow:DireWolf:Eagle:Goat:GreatHart:Hind:GrizzlyBear:Horse:Panther:Pig:Sheep:TimberWolf:WanderingHealer:BrownBear 3555 2525 13 2 5 10 50 50 1 19
* Bird:BlackBear:Boar:Bull:Cougar:Cow:DireWolf:Eagle:Goat:GreatHart:Hind:GrizzlyBear:Horse:Panther:Pig:Sheep:TimberWolf:WanderingHealer:BrownBear 3506 2477 28 2 5 10 50 50 1 19
* Bird:BlackBear:Boar:Bull:Cougar:Cow:DireWolf:Eagle:Goat:GreatHart:Hind:GrizzlyBear:Horse:Panther:Pig:Sheep:TimberWolf:WanderingHealer:BrownBear 3452 2563 32 2 5 10 50 50 1 19
* Bird:BlackBear:Boar:Bull:Cougar:Cow:DireWolf:Eagle:Goat:GreatHart:Hind:GrizzlyBear:Horse:Panther:Pig:Sheep:TimberWolf:WanderingHealer:BrownBear 3429 2650 43 2 5 10 50 50 1 19
* Bird:BlackBear:Boar:Bull:Cougar:Cow:DireWolf:Eagle:Goat:GreatHart:Hind:GrizzlyBear:Horse:Panther:Pig:Sheep:TimberWolf:WanderingHealer:BrownBear 3449 2737 49 2 5 10 50 50 1 19
* Bird:BlackBear:Boar:Bull:Cougar:Cow:DireWolf:Eagle:Goat:GreatHart:Hind:GrizzlyBear:Horse:Panther:Pig:Sheep:TimberWolf:WanderingHealer:BrownBear 3736 2512 35 2 5 10 50 50 1 19
* Bird:BlackBear:Boar:Bull:Cougar:Cow:DireWolf:Eagle:Goat:GreatHart:Hind:GrizzlyBear:Horse:Panther:Pig:Sheep:TimberWolf:WanderingHealer:BrownBear 3718 2736 38 2 5 10 50 50 1 19
* Bird:BlackBear:Boar:Bull:Cougar:Cow:DireWolf:Eagle:Goat:GreatHart:Hind:GrizzlyBear:Horse:Panther:Pig:Sheep:TimberWolf:WanderingHealer:BrownBear 3654 2866 61 2 5 10 50 50 1 19
* Bird:BlackBear:Boar:Bull:Cougar:Cow:DireWolf:Eagle:Goat:GreatHart:Hind:GrizzlyBear:Horse:Panther:Pig:Sheep:TimberWolf:WanderingHealer:BrownBear 3662 2802 51 2 5 10 50 50 1 19
* Bird:BlackBear:Boar:Bull:Cougar:Cow:DireWolf:Eagle:Goat:GreatHart:Hind:GrizzlyBear:Horse:Panther:Pig:Sheep:TimberWolf:WanderingHealer:BrownBear 3596 2804 51 2 5 10 50 50 1 19
* Bird:BlackBear:Boar:Bull:Cougar:Cow:DireWolf:Eagle:Goat:GreatHart:Hind:GrizzlyBear:Horse:Panther:Pig:Sheep:TimberWolf:WanderingHealer:BrownBear 3546 2812 13 2 5 10 50 50 1 19
* Bird:BlackBear:Boar:Bull:Cougar:Cow:DireWolf:Eagle:Goat:GreatHart:Hind:GrizzlyBear:Horse:Panther:Pig:Sheep:TimberWolf:WanderingHealer:BrownBear 3650 2080 21 2 5 10 50 50 1 19
* Bird:BlackBear:Boar:Bull:Cougar:Cow:DireWolf:Eagle:Goat:GreatHart:Hind:GrizzlyBear:Horse:Panther:Pig:Sheep:TimberWolf:WanderingHealer:BrownBear 3608 2140 79 2 5 10 50 50 1 19
* Bird:BlackBear:Boar:Bull:Cougar:Cow:DireWolf:Eagle:Goat:GreatHart:Hind:GrizzlyBear:Horse:Panther:Pig:Sheep:TimberWolf:WanderingHealer:BrownBear 4384 1218 0 2 5 10 50 50 1 19
* Bird:BlackBear:Boar:Bull:Cougar:Cow:DireWolf:Eagle:Goat:GreatHart:Hind:GrizzlyBear:Horse:Panther:Pig:Sheep:TimberWolf:WanderingHealer:BrownBear 4468 1006 0 2 5 10 50 50 1 19
* Bird:BlackBear:Boar:Bull:Cougar:Cow:DireWolf:Eagle:Goat:GreatHart:Hind:GrizzlyBear:Horse:Panther:Pig:Sheep:TimberWolf:WanderingHealer:BrownBear 4326 1046 8 2 5 10 50 50 1 19
* Bird:BlackBear:Boar:Bull:Cougar:Cow:DireWolf:Eagle:Goat:GreatHart:Hind:GrizzlyBear:Horse:Panther:Pig:Sheep:TimberWolf:WanderingHealer:BrownBear 4544 1128 0 2 5 10 50 50 1 19
* Bird:BlackBear:Boar:Bull:Cougar:Cow:DireWolf:Eagle:Goat:GreatHart:Hind:GrizzlyBear:Horse:Panther:Pig:Sheep:TimberWolf:WanderingHealer:BrownBear 4510 1262 0 2 5 10 50 50 1 19
* Bird:BlackBear:Boar:Bull:Cougar:Cow:DireWolf:Eagle:Goat:GreatHart:Hind:GrizzlyBear:Horse:Panther:Pig:Sheep:TimberWolf:WanderingHealer:BrownBear 4590 1326 8 2 5 10 50 50 1 19
* Bird:BlackBear:Boar:Bull:Cougar:Cow:DireWolf:Eagle:Goat:GreatHart:Hind:GrizzlyBear:Horse:Panther:Pig:Sheep:TimberWolf:WanderingHealer:BrownBear 4526 986 10 2 5 10 50 50 1 19
* Bird:BlackBear:Boar:Bull:Cougar:Cow:DireWolf:Eagle:Goat:GreatHart:Hind:GrizzlyBear:Horse:Panther:Pig:Sheep:TimberWolf:WanderingHealer:BrownBear 4336 1130 0 2 5 10 50 50 1 19
* Bird:BlackBear:Boar:Bull:Cougar:Cow:DireWolf:Eagle:Goat:GreatHart:Hind:GrizzlyBear:Horse:Panther:Pig:Sheep:TimberWolf:WanderingHealer:BrownBear 4448 1334 3 2 5 10 50 50 1 19
* Bird:BlackBear:Boar:Bull:Cougar:Cow:DireWolf:Eagle:Goat:GreatHart:Hind:GrizzlyBear:Horse:Panther:Pig:Sheep:TimberWolf:WanderingHealer:BrownBear 4540 1454 8 2 5 10 50 50 1 19
* Bird:BlackBear:Boar:Bull:Cougar:Cow:DireWolf:Eagle:Goat:GreatHart:Hind:GrizzlyBear:Horse:Panther:Pig:Sheep:TimberWolf:WanderingHealer:BrownBear 4632 1164 0 2 5 10 50 50 1 19
* Bird:BlackBear:Boar:Bull:Cougar:Cow:DireWolf:Eagle:Goat:GreatHart:Hind:GrizzlyBear:Horse:Panther:Pig:Sheep:TimberWolf:WanderingHealer:BrownBear 4470 1430 8 2 5 10 50 50 1 19
* Bird:BlackBear:Boar:Bull:Cougar:Cow:DireWolf:Eagle:Goat:GreatHart:Hind:GrizzlyBear:Horse:Panther:Pig:Sheep:TimberWolf:WanderingHealer:BrownBear 4592 1424 3 2 5 10 50 50 1 19
* Bird:BlackBear:Boar:Bull:Cougar:Cow:DireWolf:Eagle:Goat:GreatHart:Hind:GrizzlyBear:Horse:Panther:Pig:Sheep:TimberWolf:WanderingHealer:BrownBear 2814 3500 0 2 5 10 50 50 1 19
* Bird:BlackBear:Boar:Bull:Cougar:Cow:DireWolf:Eagle:Goat:GreatHart:Hind:GrizzlyBear:Horse:Panther:Pig:Sheep:TimberWolf:WanderingHealer:BrownBear 2998 3590 15 2 5 10 50 50 1 19
* Bird:BlackBear:Boar:Bull:Cougar:Cow:DireWolf:Eagle:Goat:GreatHart:Hind:GrizzlyBear:Horse:Panther:Pig:Sheep:TimberWolf:WanderingHealer:BrownBear 2864 150 0 2 5 10 50 50 1 19
* Bird:BlackBear:Boar:Bull:Cougar:Cow:DireWolf:Eagle:Goat:GreatHart:Hind:GrizzlyBear:Horse:Panther:Pig:Sheep:TimberWolf:WanderingHealer:BrownBear 3292 570 0 2 5 10 50 50 1 19
* Bird:BlackBear:Boar:Bull:Cougar:Cow:DireWolf:Eagle:Goat:GreatHart:Hind:GrizzlyBear:Horse:Panther:Pig:Sheep:TimberWolf:WanderingHealer:BrownBear 3206 366 9 2 5 10 50 50 1 19
* Bird:BlackBear:Boar:Bull:Cougar:Cow:DireWolf:Eagle:Goat:GreatHart:Hind:GrizzlyBear:Horse:Panther:Pig:Sheep:TimberWolf:WanderingHealer:BrownBear 3172 664 8 2 5 10 50 50 1 19
* Bird:BlackBear:Boar:Bull:Cougar:Cow:DireWolf:Eagle:Goat:GreatHart:Hind:GrizzlyBear:Horse:Panther:Pig:Sheep:TimberWolf:WanderingHealer:BrownBear 3392 424 9 2 5 10 50 50 1 19
* Bird:BlackBear:Boar:Bull:Cougar:Cow:DireWolf:Eagle:Goat:GreatHart:Hind:GrizzlyBear:Horse:Panther:Pig:Sheep:TimberWolf:WanderingHealer:BrownBear 3076 150 1 2 5 10 50 50 1 19
* Bird:BlackBear:Boar:Bull:Cougar:Cow:DireWolf:Eagle:Goat:GreatHart:Hind:GrizzlyBear:Horse:Panther:Pig:Sheep:TimberWolf:WanderingHealer:BrownBear 3092 542 0 2 5 10 50 50 1 19
* Bird:BlackBear:Boar:Bull:Cougar:Cow:DireWolf:Eagle:Goat:GreatHart:Hind:GrizzlyBear:Horse:Panther:Pig:Sheep:TimberWolf:WanderingHealer:BrownBear 2512 1066 0 2 5 10 50 50 1 19
* Bird:BlackBear:Boar:Bull:Cougar:Cow:DireWolf:Eagle:Goat:GreatHart:Hind:GrizzlyBear:Horse:Panther:Pig:Sheep:TimberWolf:WanderingHealer:BrownBear 2554 1142 5 2 5 10 50 50 1 19
* Bird:BlackBear:Boar:Bull:Cougar:Cow:DireWolf:Eagle:Goat:GreatHart:Hind:GrizzlyBear:Horse:Panther:Pig:Sheep:TimberWolf:WanderingHealer:BrownBear 2416 1172 0 2 5 10 50 50 1 19
* Bird:BlackBear:Boar:Bull:Cougar:Cow:DireWolf:Eagle:Goat:GreatHart:Hind:GrizzlyBear:Horse:Panther:Pig:Sheep:TimberWolf:WanderingHealer:BrownBear 2188 1986 0 2 5 10 50 50 1 19
* Bird:BlackBear:Boar:Bull:Cougar:Cow:DireWolf:Eagle:Goat:GreatHart:Hind:GrizzlyBear:Horse:Panther:Pig:Sheep:TimberWolf:WanderingHealer:BrownBear 2654 2286 9 2 5 10 50 50 1 19
* Bird:BlackBear:Boar:Bull:Cougar:Cow:DireWolf:Eagle:Goat:GreatHart:Hind:GrizzlyBear:Horse:Panther:Pig:Sheep:TimberWolf:WanderingHealer:BrownBear 2946 2168 44 2 5 10 50 50 1 19
* Bird:BlackBear:Boar:Bull:Cougar:Cow:DireWolf:Eagle:Goat:GreatHart:Hind:GrizzlyBear:Horse:Panther:Pig:Sheep:TimberWolf:WanderingHealer:BrownBear 2744 2014 0 2 5 10 50 50 1 19
* Bird:BlackBear:Boar:Bull:Cougar:Cow:DireWolf:Eagle:Goat:GreatHart:Hind:GrizzlyBear:Horse:Panther:Pig:Sheep:TimberWolf:WanderingHealer:BrownBear 2786 2282 13 2 5 10 50 50 1 19
* Bird:BlackBear:Boar:Bull:Cougar:Cow:DireWolf:Eagle:Goat:GreatHart:Hind:GrizzlyBear:Horse:Panther:Pig:Sheep:TimberWolf:WanderingHealer:BrownBear 2074 1972 0 2 5 10 50 50 1 19
* Bird:BlackBear:Boar:Bull:Cougar:Cow:DireWolf:Eagle:Goat:GreatHart:Hind:GrizzlyBear:Horse:Panther:Pig:Sheep:TimberWolf:WanderingHealer:BrownBear 2122 2108 0 2 5 10 50 50 1 19
* Bird:BlackBear:Boar:Bull:Cougar:Cow:DireWolf:Eagle:Goat:GreatHart:Hind:GrizzlyBear:Horse:Panther:Pig:Sheep:TimberWolf:WanderingHealer:BrownBear 1932 3125 0 2 5 10 50 50 1 19
* Bird:BlackBear:Boar:Bull:Cougar:Cow:DireWolf:Eagle:Goat:GreatHart:Hind:GrizzlyBear:Horse:Panther:Pig:Sheep:TimberWolf:WanderingHealer:BrownBear 1824 3027 0 2 5 10 50 50 1 19
* Bird:BlackBear:Boar:Bull:Cougar:Cow:DireWolf:Eagle:Goat:GreatHart:Hind:GrizzlyBear:Horse:Panther:Pig:Sheep:TimberWolf:WanderingHealer:BrownBear 1894 2942 19 2 5 10 50 50 1 19
* Bird:BlackBear:Boar:Bull:Cougar:Cow:DireWolf:Eagle:Goat:GreatHart:Hind:GrizzlyBear:Horse:Panther:Pig:Sheep:TimberWolf:WanderingHealer:BrownBear 1222 2499 0 2 5 10 50 50 1 19
* Bird:BlackBear:Boar:Bull:Cougar:Cow:DireWolf:Eagle:Goat:GreatHart:Hind:GrizzlyBear:Horse:Panther:Pig:Sheep:TimberWolf:WanderingHealer:BrownBear 1005 2647 0 2 5 10 50 50 1 19
* Bird:BlackBear:Boar:Bull:Cougar:Cow:DireWolf:Eagle:Goat:GreatHart:Hind:GrizzlyBear:Horse:Panther:Pig:Sheep:TimberWolf:WanderingHealer:BrownBear 464 2059 8 2 5 10 50 50 1 19
* Bird:BlackBear:Boar:Bull:Cougar:Cow:DireWolf:Eagle:Goat:GreatHart:Hind:GrizzlyBear:Horse:Panther:Pig:Sheep:TimberWolf:WanderingHealer:BrownBear 559 2081 0 2 5 10 50 50 1 19
* Bird:BlackBear:Boar:Bull:Cougar:Cow:DireWolf:Eagle:Goat:GreatHart:Hind:GrizzlyBear:Horse:Panther:Pig:Sheep:TimberWolf:WanderingHealer:BrownBear 883 2129 0 2 5 10 50 50 1 19
* Bird:BlackBear:Boar:Bull:Cougar:Cow:DireWolf:Eagle:Goat:GreatHart:Hind:GrizzlyBear:Horse:Panther:Pig:Sheep:TimberWolf:WanderingHealer:BrownBear 968 2476 0 2 5 10 50 50 1 19
* Bird:BlackBear:Boar:Bull:Cougar:Cow:DireWolf:Eagle:Goat:GreatHart:Hind:GrizzlyBear:Horse:Panther:Pig:Sheep:TimberWolf:WanderingHealer:BrownBear 994 2361 0 2 5 10 50 50 1 19
* Bird:BlackBear:Boar:Bull:Cougar:Cow:DireWolf:Eagle:Goat:GreatHart:Hind:GrizzlyBear:Horse:Panther:Pig:Sheep:TimberWolf:WanderingHealer:BrownBear 964 2214 0 2 5 10 50 50 1 19
* Bird:BlackBear:Boar:Bull:Cougar:Cow:DireWolf:Eagle:Goat:GreatHart:Hind:GrizzlyBear:Horse:Panther:Pig:Sheep:TimberWolf:WanderingHealer:BrownBear 1087 2401 0 2 5 10 50 50 1 19
* Bird:BlackBear:Boar:Bull:Cougar:Cow:DireWolf:Eagle:Goat:GreatHart:Hind:GrizzlyBear:Horse:Panther:Pig:Sheep:TimberWolf:WanderingHealer:BrownBear 1222 2378 5 2 5 10 50 50 1 19
* Bird:BlackBear:Boar:Bull:Cougar:Cow:DireWolf:Eagle:Goat:GreatHart:Hind:GrizzlyBear:Horse:Panther:Pig:Sheep:TimberWolf:WanderingHealer:BrownBear 1334 2311 0 2 5 10 50 50 1 19
* Bird:BlackBear:Boar:Bull:Cougar:Cow:DireWolf:Eagle:Goat:GreatHart:Hind:GrizzlyBear:Horse:Panther:Pig:Sheep:TimberWolf:WanderingHealer:BrownBear 1315 2192 0 2 5 10 50 50 1 19
* Bird:BlackBear:Boar:Bull:Cougar:Cow:DireWolf:Eagle:Goat:GreatHart:Hind:GrizzlyBear:Horse:Panther:Pig:Sheep:TimberWolf:WanderingHealer:BrownBear 1426 2615 10 2 5 10 50 50 1 19
* Bird:BlackBear:Boar:Bull:Cougar:Cow:DireWolf:Eagle:Goat:GreatHart:Hind:GrizzlyBear:Horse:Panther:Pig:Sheep:TimberWolf:WanderingHealer:BrownBear 1527 2609 5 2 5 10 50 50 1 19
* Bird:BlackBear:Boar:Bull:Cougar:Cow:DireWolf:Eagle:Goat:GreatHart:Hind:GrizzlyBear:Horse:Panther:Pig:Sheep:TimberWolf:WanderingHealer:BrownBear 1582 2722 5 2 5 10 50 50 1 19
* Bird:BlackBear:Boar:Bull:Cougar:Cow:DireWolf:Eagle:Goat:GreatHart:Hind:GrizzlyBear:Horse:Panther:Pig:Sheep:TimberWolf:WanderingHealer:BrownBear 1650 2796 0 2 5 10 50 50 1 19
* Bird:BlackBear:Boar:Bull:Cougar:Cow:DireWolf:Eagle:Goat:GreatHart:Hind:GrizzlyBear:Horse:Panther:Pig:Sheep:TimberWolf:WanderingHealer:BrownBear 1724 2781 5 2 5 10 50 50 1 19
* Bird:BlackBear:Boar:Bull:Cougar:Cow:DireWolf:Eagle:Goat:GreatHart:Hind:GrizzlyBear:Horse:Panther:Pig:Sheep:TimberWolf:WanderingHealer:BrownBear 1727 2702 5 2 5 10 50 50 1 19
* Bird:BlackBear:Boar:Bull:Cougar:Cow:DireWolf:Eagle:Goat:GreatHart:Hind:GrizzlyBear:Horse:Panther:Pig:Sheep:TimberWolf:WanderingHealer:BrownBear 1634 2645 5 2 5 10 50 50 1 19
* Bird:BlackBear:Boar:Bull:Cougar:Cow:DireWolf:Eagle:Goat:GreatHart:Hind:GrizzlyBear:Horse:Panther:Pig:Sheep:TimberWolf:WanderingHealer:BrownBear 1505 2445 0 2 5 10 50 50 1 19
* Bird:BlackBear:Boar:Bull:Cougar:Cow:DireWolf:Eagle:Goat:GreatHart:Hind:GrizzlyBear:Horse:Panther:Pig:Sheep:TimberWolf:WanderingHealer:BrownBear 1699 2560 0 2 5 10 50 50 1 19
* Bird:BlackBear:Boar:Bull:Cougar:Cow:DireWolf:Eagle:Goat:GreatHart:Hind:GrizzlyBear:Horse:Panther:Pig:Sheep:TimberWolf:WanderingHealer:BrownBear 1612 2526 0 2 5 10 50 50 1 19
* Bird:BlackBear:Boar:Bull:Cougar:Cow:DireWolf:Eagle:Goat:GreatHart:Hind:GrizzlyBear:Horse:Panther:Pig:Sheep:TimberWolf:WanderingHealer:BrownBear 1722 2435 10 2 5 10 50 50 1 19
* Bird:BlackBear:Boar:Bull:Cougar:Cow:DireWolf:Eagle:Goat:GreatHart:Hind:GrizzlyBear:Horse:Panther:Pig:Sheep:TimberWolf:WanderingHealer:BrownBear 1715 2307 5 2 5 10 50 50 1 19
* Bird:BlackBear:Boar:Bull:Cougar:Cow:DireWolf:Eagle:Goat:GreatHart:Hind:GrizzlyBear:Horse:Panther:Pig:Sheep:TimberWolf:WanderingHealer:BrownBear 1531 2351 5 2 5 10 50 50 1 19
* Bird:BlackBear:Boar:Bull:Cougar:Cow:DireWolf:Eagle:Goat:GreatHart:Hind:GrizzlyBear:Horse:Panther:Pig:Sheep:TimberWolf:WanderingHealer:BrownBear 1602 2426 5 2 5 10 50 50 1 19
* Bird:BlackBear:Boar:Bull:Cougar:Cow:DireWolf:Eagle:Goat:GreatHart:Hind:GrizzlyBear:Horse:Panther:Pig:Sheep:TimberWolf:WanderingHealer:BrownBear 1628 2334 0 2 5 10 50 50 1 19
* Bird:BlackBear:Boar:Bull:Cougar:Cow:DireWolf:Eagle:Goat:GreatHart:Hind:GrizzlyBear:Horse:Panther:Pig:Sheep:TimberWolf:WanderingHealer:BrownBear 1563 2277 0 2 5 10 50 50 1 19
* Bird:BlackBear:Boar:Bull:Cougar:Cow:DireWolf:Eagle:Goat:GreatHart:Hind:GrizzlyBear:Horse:Panther:Pig:Sheep:TimberWolf:WanderingHealer:BrownBear 1503 2207 0 2 5 10 50 50 1 19
* Bird:BlackBear:Boar:Bull:Cougar:Cow:DireWolf:Eagle:Goat:GreatHart:Hind:GrizzlyBear:Horse:Panther:Pig:Sheep:TimberWolf:WanderingHealer:BrownBear 1709 1992 0 2 5 10 50 50 1 19
* Bird:BlackBear:Boar:Bull:Cougar:Cow:DireWolf:Eagle:Goat:GreatHart:Hind:GrizzlyBear:Horse:Panther:Pig:Sheep:TimberWolf:WanderingHealer:BrownBear 1498 2040 0 2 5 10 50 50 1 19
* Bird:BlackBear:Boar:Bull:Cougar:Cow:DireWolf:Eagle:Goat:GreatHart:Hind:GrizzlyBear:Horse:Panther:Pig:Sheep:TimberWolf:WanderingHealer:BrownBear 1439 2104 5 2 5 10 50 50 1 19
* Bird:BlackBear:Boar:Bull:Cougar:Cow:DireWolf:Eagle:Goat:GreatHart:Hind:GrizzlyBear:Horse:Panther:Pig:Sheep:TimberWolf:WanderingHealer:BrownBear 1387 2023 0 2 5 10 50 50 1 19
* Bird:BlackBear:Boar:Bull:Cougar:Cow:DireWolf:Eagle:Goat:GreatHart:Hind:GrizzlyBear:Horse:Panther:Pig:Sheep:TimberWolf:WanderingHealer:BrownBear 1377 1911 0 2 5 10 50 50 1 19
* Bird:BlackBear:Boar:Bull:Cougar:Cow:DireWolf:Eagle:Goat:GreatHart:Hind:GrizzlyBear:Horse:Panther:Pig:Sheep:TimberWolf:WanderingHealer:BrownBear 1459 1963 0 2 5 10 50 50 1 19
* Bird:BlackBear:Boar:Bull:Cougar:Cow:DireWolf:Eagle:Goat:GreatHart:Hind:GrizzlyBear:Horse:Panther:Pig:Sheep:TimberWolf:WanderingHealer:BrownBear 1268 2018 0 2 5 10 50 50 1 19
* Bird:BlackBear:Boar:Bull:Cougar:Cow:DireWolf:Eagle:Goat:GreatHart:Hind:GrizzlyBear:Horse:Panther:Pig:Sheep:TimberWolf:WanderingHealer:BrownBear 1173 2103 2 2 5 10 50 50 1 19
* Bird:BlackBear:Boar:Bull:Cougar:Cow:DireWolf:Eagle:Goat:GreatHart:Hind:GrizzlyBear:Horse:Panther:Pig:Sheep:TimberWolf:WanderingHealer:BrownBear 1070 2069 0 2 5 10 50 50 1 19
* Bird:BlackBear:Boar:Bull:Cougar:Cow:DireWolf:Eagle:Goat:GreatHart:Hind:GrizzlyBear:Horse:Panther:Pig:Sheep:TimberWolf:WanderingHealer:BrownBear 958 2074 1 2 5 10 50 50 1 19
* Bird:BlackBear:Boar:Bull:Cougar:Cow:DireWolf:Eagle:Goat:GreatHart:Hind:GrizzlyBear:Horse:Panther:Pig:Sheep:TimberWolf:WanderingHealer:BrownBear 999 1839 0 2 5 10 50 50 1 19
* Bird:BlackBear:Boar:Bull:Cougar:Cow:DireWolf:Eagle:Goat:GreatHart:Hind:GrizzlyBear:Horse:Panther:Pig:Sheep:TimberWolf:WanderingHealer:BrownBear 1011 1945 0 2 5 10 50 50 1 19
* Bird:BlackBear:Boar:Bull:Cougar:Cow:DireWolf:Eagle:Goat:GreatHart:Hind:GrizzlyBear:Horse:Panther:Pig:Sheep:TimberWolf:WanderingHealer:BrownBear 1229 1655 0 2 5 10 50 50 1 19
* Bird:BlackBear:Boar:Bull:Cougar:Cow:DireWolf:Eagle:Goat:GreatHart:Hind:GrizzlyBear:Horse:Panther:Pig:Sheep:TimberWolf:WanderingHealer:BrownBear 1725 1447 0 2 5 10 50 50 1 19
* Bird:BlackBear:Boar:Bull:Cougar:Cow:DireWolf:Eagle:Goat:GreatHart:Hind:GrizzlyBear:Horse:Panther:Pig:Sheep:TimberWolf:WanderingHealer:BrownBear 1798 1471 0 2 5 10 50 50 1 19
* Bird:BlackBear:Boar:Bull:Cougar:Cow:DireWolf:Eagle:Goat:GreatHart:Hind:GrizzlyBear:Horse:Panther:Pig:Sheep:TimberWolf:WanderingHealer:BrownBear 1958 1305 0 2 5 10 50 50 1 19
* Bird:BlackBear:Boar:Bull:Cougar:Cow:DireWolf:Eagle:Goat:GreatHart:Hind:GrizzlyBear:Horse:Panther:Pig:Sheep:TimberWolf:WanderingHealer:BrownBear 1867 1244 0 2 5 10 50 50 1 19
* Bird:BlackBear:Boar:Bull:Cougar:Cow:DireWolf:Eagle:Goat:GreatHart:Hind:GrizzlyBear:Horse:Panther:Pig:Sheep:TimberWolf:WanderingHealer:BrownBear 1865 1379 0 2 5 10 50 50 1 19
* Bird:BlackBear:Boar:Bull:Cougar:Cow:DireWolf:Eagle:Goat:GreatHart:Hind:GrizzlyBear:Horse:Panther:Pig:Sheep:TimberWolf:WanderingHealer:BrownBear 1769 1330 0 2 5 10 50 50 1 19
* Bird:BlackBear:Boar:Bull:Cougar:Cow:DireWolf:Eagle:Goat:GreatHart:Hind:GrizzlyBear:Horse:Panther:Pig:Sheep:TimberWolf:WanderingHealer:BrownBear 1666 1290 0 2 5 10 50 50 1 19
* Bird:BlackBear:Boar:Bull:Cougar:Cow:DireWolf:Eagle:Goat:GreatHart:Hind:GrizzlyBear:Horse:Panther:Pig:Sheep:TimberWolf:WanderingHealer:BrownBear 1486 1301 0 2 5 10 50 50 1 19
* Bird:BlackBear:Boar:Bull:Cougar:Cow:DireWolf:Eagle:Goat:GreatHart:Hind:GrizzlyBear:Horse:Panther:Pig:Sheep:TimberWolf:WanderingHealer:BrownBear 1351 1359 0 2 5 10 50 50 1 19
* Bird:BlackBear:Boar:Bull:Cougar:Cow:DireWolf:Eagle:Goat:GreatHart:Hind:GrizzlyBear:Horse:Panther:Pig:Sheep:TimberWolf:WanderingHealer:BrownBear 1231 1462 0 2 5 10 50 50 1 19
* Bird:BlackBear:Boar:Bull:Cougar:Cow:DireWolf:Eagle:Goat:GreatHart:Hind:GrizzlyBear:Horse:Panther:Pig:Sheep:TimberWolf:WanderingHealer:BrownBear 1017 1726 0 2 5 10 50 50 1 19
* Bird:BlackBear:Boar:Bull:Cougar:Cow:DireWolf:Eagle:Goat:GreatHart:Hind:GrizzlyBear:Horse:Panther:Pig:Sheep:TimberWolf:WanderingHealer:BrownBear 398 1305 0 2 5 10 50 50 1 19
* Bird:BlackBear:Boar:Bull:Cougar:Cow:DireWolf:Eagle:Goat:GreatHart:Hind:GrizzlyBear:Horse:Panther:Pig:Sheep:TimberWolf:WanderingHealer:BrownBear 485 1398 0 2 5 10 50 50 1 19
* Bird:BlackBear:Boar:Bull:Cougar:Cow:DireWolf:Eagle:Goat:GreatHart:Hind:GrizzlyBear:Horse:Panther:Pig:Sheep:TimberWolf:WanderingHealer:BrownBear 210 1447 0 2 5 10 50 50 1 19
* Bird:BlackBear:Boar:Bull:Cougar:Cow:DireWolf:Eagle:Goat:GreatHart:Hind:GrizzlyBear:Horse:Panther:Pig:Sheep:TimberWolf:WanderingHealer:BrownBear 851 1770 0 2 5 10 50 50 1 19
* Bird:BlackBear:Boar:Bull:Cougar:Cow:DireWolf:Eagle:Goat:GreatHart:Hind:GrizzlyBear:Horse:Panther:Pig:Sheep:TimberWolf:WanderingHealer:BrownBear 977 1638 0 2 5 10 50 50 1 19
* Bird:BlackBear:Boar:Bull:Cougar:Cow:DireWolf:Eagle:Goat:GreatHart:Hind:GrizzlyBear:Horse:Panther:Pig:Sheep:TimberWolf:WanderingHealer:BrownBear 919 1718 0 2 5 10 50 50 1 19
* Bird:BlackBear:Boar:Bull:Cougar:Cow:DireWolf:Eagle:Goat:GreatHart:Hind:GrizzlyBear:Horse:Panther:Pig:Sheep:TimberWolf:WanderingHealer:BrownBear 876 1639 0 2 5 10 50 50 1 19
* Bird:BlackBear:Boar:Bull:Cougar:Cow:DireWolf:Eagle:Goat:GreatHart:Hind:GrizzlyBear:Horse:Panther:Pig:Sheep:TimberWolf:WanderingHealer:BrownBear 805 1570 0 2 5 10 50 50 1 19
* Bird:BlackBear:Boar:Bull:Cougar:Cow:DireWolf:Eagle:Goat:GreatHart:Hind:GrizzlyBear:Horse:Panther:Pig:Sheep:TimberWolf:WanderingHealer:BrownBear 725 1483 0 2 5 10 50 50 1 19
* Bird:BlackBear:Boar:Bull:Cougar:Cow:DireWolf:Eagle:Goat:GreatHart:Hind:GrizzlyBear:Horse:Panther:Pig:Sheep:TimberWolf:WanderingHealer:BrownBear 623 1328 0 2 5 10 50 50 1 19
* Bird:BlackBear:Boar:Bull:Cougar:Cow:DireWolf:Eagle:Goat:GreatHart:Hind:GrizzlyBear:Horse:Panther:Pig:Sheep:TimberWolf:WanderingHealer:BrownBear 727 1394 0 2 5 10 50 50 1 19
* Bird:BlackBear:Boar:Bull:Cougar:Cow:DireWolf:Eagle:Goat:GreatHart:Hind:GrizzlyBear:Horse:Panther:Pig:Sheep:TimberWolf:WanderingHealer:BrownBear 1020 1360 0 2 5 10 50 50 1 19
* Bird:BlackBear:Boar:Bull:Cougar:Cow:DireWolf:Eagle:Goat:GreatHart:Hind:GrizzlyBear:Horse:Panther:Pig:Sheep:TimberWolf:WanderingHealer:BrownBear 1024 1244 0 2 5 10 50 50 1 19
* Bird:BlackBear:Boar:Bull:Cougar:Cow:DireWolf:Eagle:Goat:GreatHart:Hind:GrizzlyBear:Horse:Panther:Pig:Sheep:TimberWolf:WanderingHealer:BrownBear 802 1280 0 2 5 10 50 50 1 19
* Bird:BlackBear:Boar:Bull:Cougar:Cow:DireWolf:Eagle:Goat:GreatHart:Hind:GrizzlyBear:Horse:Panther:Pig:Sheep:TimberWolf:WanderingHealer:BrownBear 855 934 0 2 5 10 50 50 1 19
* Bird:BlackBear:Boar:Bull:Cougar:Cow:DireWolf:Eagle:Goat:GreatHart:Hind:GrizzlyBear:Horse:Panther:Pig:Sheep:TimberWolf:WanderingHealer:BrownBear 771 1013 0 2 5 10 50 50 1 19
* Bird:BlackBear:Boar:Bull:Cougar:Cow:DireWolf:Eagle:Goat:GreatHart:Hind:GrizzlyBear:Horse:Panther:Pig:Sheep:TimberWolf:WanderingHealer:BrownBear 846 1071 0 2 5 10 50 50 1 19
* Bird:BlackBear:Boar:Bull:Cougar:Cow:DireWolf:Eagle:Goat:GreatHart:Hind:GrizzlyBear:Horse:Panther:Pig:Sheep:TimberWolf:WanderingHealer:BrownBear 940 1028 0 2 5 10 50 50 1 19
* Bird:BlackBear:Boar:Bull:Cougar:Cow:DireWolf:Eagle:Goat:GreatHart:Hind:GrizzlyBear:Horse:Panther:Pig:Sheep:TimberWolf:WanderingHealer:BrownBear 1152 812 5 2 5 10 50 50 1 19
* Bird:BlackBear:Boar:Bull:Cougar:Cow:DireWolf:Eagle:Goat:GreatHart:Hind:GrizzlyBear:Horse:Panther:Pig:Sheep:TimberWolf:WanderingHealer:BrownBear 1011 896 0 2 5 10 50 50 1 19
* Bird:BlackBear:Boar:Bull:Cougar:Cow:DireWolf:Eagle:Goat:GreatHart:Hind:GrizzlyBear:Horse:Panther:Pig:Sheep:TimberWolf:WanderingHealer:BrownBear 1057 765 1 2 5 10 50 50 1 19
* Bird:BlackBear:Boar:Bull:Cougar:Cow:DireWolf:Eagle:Goat:GreatHart:Hind:GrizzlyBear:Horse:Panther:Pig:Sheep:TimberWolf:WanderingHealer:BrownBear 974 374 0 2 5 10 50 50 1 19
* Bird:BlackBear:Boar:Bull:Cougar:Cow:DireWolf:Eagle:Goat:GreatHart:Hind:GrizzlyBear:Horse:Panther:Pig:Sheep:TimberWolf:WanderingHealer:BrownBear 1063 541 16 2 5 10 50 50 1 19
* Bird:BlackBear:Boar:Bull:Cougar:Cow:DireWolf:Eagle:Goat:GreatHart:Hind:GrizzlyBear:Horse:Panther:Pig:Sheep:TimberWolf:WanderingHealer:BrownBear 1018 629 0 2 5 10 50 50 1 19
* Bird:BlackBear:Boar:Bull:Cougar:Cow:DireWolf:Eagle:Goat:GreatHart:Hind:GrizzlyBear:Horse:Panther:Pig:Sheep:TimberWolf:WanderingHealer:BrownBear 951 542 0 2 5 10 50 50 1 19
* Bird:BlackBear:Boar:Bull:Cougar:Cow:DireWolf:Eagle:Goat:GreatHart:Hind:GrizzlyBear:Horse:Panther:Pig:Sheep:TimberWolf:WanderingHealer:BrownBear 805 576 0 2 5 10 50 50 1 19
* Bird:BlackBear:Boar:Bull:Cougar:Cow:DireWolf:Eagle:Goat:GreatHart:Hind:GrizzlyBear:Horse:Panther:Pig:Sheep:TimberWolf:WanderingHealer:BrownBear 937 743 0 2 5 10 50 50 1 19
* Bird:BlackBear:Boar:Bull:Cougar:Cow:DireWolf:Eagle:Goat:GreatHart:Hind:GrizzlyBear:Horse:Panther:Pig:Sheep:TimberWolf:WanderingHealer:BrownBear 890 657 0 2 5 10 50 50 1 19
* Bird:BlackBear:Boar:Bull:Cougar:Cow:DireWolf:Eagle:Goat:GreatHart:Hind:GrizzlyBear:Horse:Panther:Pig:Sheep:TimberWolf:WanderingHealer:BrownBear 895 830 0 2 5 10 50 50 1 19
* Bird:BlackBear:Boar:Bull:Cougar:Cow:DireWolf:Eagle:Goat:GreatHart:Hind:GrizzlyBear:Horse:Panther:Pig:Sheep:TimberWolf:WanderingHealer:BrownBear 689 753 0 2 5 10 50 50 1 19
* Bird:BlackBear:Boar:Bull:Cougar:Cow:DireWolf:Eagle:Goat:GreatHart:Hind:GrizzlyBear:Horse:Panther:Pig:Sheep:TimberWolf:WanderingHealer:BrownBear 748 669 0 2 5 10 50 50 1 19
* Bird:BlackBear:Boar:Bull:Cougar:Cow:DireWolf:Eagle:Goat:GreatHart:Hind:GrizzlyBear:Horse:Panther:Pig:Sheep:TimberWolf:WanderingHealer:BrownBear 764 822 0 2 5 10 50 50 1 19
* Bird:BlackBear:Boar:Bull:Cougar:Cow:DireWolf:Eagle:Goat:GreatHart:Hind:GrizzlyBear:Horse:Panther:Pig:Sheep:TimberWolf:WanderingHealer:BrownBear 834 751 0 2 5 10 50 50 1 19
* Bird:BlackBear:Boar:Bull:Cougar:Cow:DireWolf:Eagle:Goat:GreatHart:Hind:GrizzlyBear:Horse:Panther:Pig:Sheep:TimberWolf:WanderingHealer:BrownBear 782 1156 0 2 5 10 50 50 1 19
* Bird:BlackBear:Boar:Bull:Cougar:Cow:DireWolf:Eagle:Goat:GreatHart:Hind:GrizzlyBear:Horse:Panther:Pig:Sheep:TimberWolf:WanderingHealer:BrownBear 887 1223 0 2 5 10 50 50 1 19
* Bird:BlackBear:Boar:Bull:Cougar:Cow:DireWolf:Eagle:Goat:GreatHart:Hind:GrizzlyBear:Horse:Panther:Pig:Sheep:TimberWolf:WanderingHealer:BrownBear 916 1159 0 2 5 10 50 50 1 19
* Bird:BlackBear:Boar:Bull:Cougar:Cow:DireWolf:Eagle:Goat:GreatHart:Hind:GrizzlyBear:Horse:Panther:Pig:Sheep:TimberWolf:WanderingHealer:BrownBear 993 1130 0 2 5 10 50 50 1 19
* Bird:BlackBear:Boar:Bull:Cougar:Cow:DireWolf:Eagle:Goat:GreatHart:Hind:GrizzlyBear:Horse:Panther:Pig:Sheep:TimberWolf:WanderingHealer:BrownBear 1047 1071 0 2 5 10 50 50 1 19
* Bird:BlackBear:Boar:Bull:Cougar:Cow:DireWolf:Eagle:Goat:GreatHart:Hind:GrizzlyBear:Horse:Panther:Pig:Sheep:TimberWolf:WanderingHealer:BrownBear 1092 1010 0 2 5 10 50 50 1 19
* Bird:BlackBear:Boar:Bull:Cougar:Cow:DireWolf:Eagle:Goat:GreatHart:Hind:GrizzlyBear:Horse:Panther:Pig:Sheep:TimberWolf:WanderingHealer:BrownBear 1172 974 2 2 5 10 50 50 1 19
* Bird:BlackBear:Boar:Bull:Cougar:Cow:DireWolf:Eagle:Goat:GreatHart:Hind:GrizzlyBear:Horse:Panther:Pig:Sheep:TimberWolf:WanderingHealer:BrownBear 1388 784 0 2 5 10 50 50 1 19
* Bird:BlackBear:Boar:Bull:Cougar:Cow:DireWolf:Eagle:Goat:GreatHart:Hind:GrizzlyBear:Horse:Panther:Pig:Sheep:TimberWolf:WanderingHealer:BrownBear 1631 640 22 2 5 10 50 50 1 19
* Bird:BlackBear:Boar:Bull:Cougar:Cow:DireWolf:Eagle:Goat:GreatHart:Hind:GrizzlyBear:Horse:Panther:Pig:Sheep:TimberWolf:WanderingHealer:BrownBear 1526 960 0 2 5 10 50 50 1 19
* Bird:BlackBear:Boar:Bull:Cougar:Cow:DireWolf:Eagle:Goat:GreatHart:Hind:GrizzlyBear:Horse:Panther:Pig:Sheep:TimberWolf:WanderingHealer:BrownBear 1545 813 0 2 5 10 50 50 1 19
* Bird:BlackBear:Boar:Bull:Cougar:Cow:DireWolf:Eagle:Goat:GreatHart:Hind:GrizzlyBear:Horse:Panther:Pig:Sheep:TimberWolf:WanderingHealer:BrownBear 1695 809 0 2 5 10 50 50 1 19
* Bird:BlackBear:Boar:Bull:Cougar:Cow:DireWolf:Eagle:Goat:GreatHart:Hind:GrizzlyBear:Horse:Panther:Pig:Sheep:TimberWolf:WanderingHealer:BrownBear 1728 691 6 2 5 10 50 50 1 19
* Bird:BlackBear:Boar:Bull:Cougar:Cow:DireWolf:Eagle:Goat:GreatHart:Hind:GrizzlyBear:Horse:Panther:Pig:Sheep:TimberWolf:WanderingHealer:BrownBear 1802 495 0 2 5 10 50 50 1 19
* Bird:BlackBear:Boar:Bull:Cougar:Cow:DireWolf:Eagle:Goat:GreatHart:Hind:GrizzlyBear:Horse:Panther:Pig:Sheep:TimberWolf:WanderingHealer:BrownBear 1857 600 0 2 5 10 50 50 1 19
* Bird:BlackBear:Boar:Bull:Cougar:Cow:DireWolf:Eagle:Goat:GreatHart:Hind:GrizzlyBear:Horse:Panther:Pig:Sheep:TimberWolf:WanderingHealer:BrownBear 1884 735 0 2 5 10 50 50 1 19
* Bird:BlackBear:Boar:Bull:Cougar:Cow:DireWolf:Eagle:Goat:GreatHart:Hind:GrizzlyBear:Horse:Panther:Pig:Sheep:TimberWolf:WanderingHealer:BrownBear 1973 751 0 2 5 10 50 50 1 19
* Bird:BlackBear:Boar:Bull:Cougar:Cow:DireWolf:Eagle:Goat:GreatHart:Hind:GrizzlyBear:Horse:Panther:Pig:Sheep:TimberWolf:WanderingHealer:BrownBear 2085 658 0 2 5 10 50 50 1 19
* Bird:BlackBear:Boar:Bull:Cougar:Cow:DireWolf:Eagle:Goat:GreatHart:Hind:GrizzlyBear:Horse:Panther:Pig:Sheep:TimberWolf:WanderingHealer:BrownBear 2367 748 0 2 5 10 50 50 1 19
* Bird:BlackBear:Boar:Bull:Cougar:Cow:DireWolf:Eagle:Goat:GreatHart:Hind:GrizzlyBear:Horse:Panther:Pig:Sheep:TimberWolf:WanderingHealer:BrownBear 2289 917 0 2 5 10 50 50 1 19
* Bird:BlackBear:Boar:Bull:Cougar:Cow:DireWolf:Eagle:Goat:GreatHart:Hind:GrizzlyBear:Horse:Panther:Pig:Sheep:TimberWolf:WanderingHealer:BrownBear 2338 989 0 2 5 10 50 50 1 19
* Bird:BlackBear:Boar:Bull:Cougar:Cow:DireWolf:Eagle:Goat:GreatHart:Hind:GrizzlyBear:Horse:Panther:Pig:Sheep:TimberWolf:WanderingHealer:BrownBear 2418 999 0 2 5 10 50 50 1 19
* Bird:BlackBear:Boar:Bull:Cougar:Cow:DireWolf:Eagle:Goat:GreatHart:Hind:GrizzlyBear:Horse:Panther:Pig:Sheep:TimberWolf:WanderingHealer:BrownBear 2495 978 0 2 5 10 50 50 1 19
* Bird:BlackBear:Boar:Bull:Cougar:Cow:DireWolf:Eagle:Goat:GreatHart:Hind:GrizzlyBear:Horse:Panther:Pig:Sheep:TimberWolf:WanderingHealer:BrownBear 2583 993 0 2 5 10 50 50 1 19
* Bird:BlackBear:Boar:Bull:Cougar:Cow:DireWolf:Eagle:Goat:GreatHart:Hind:GrizzlyBear:Horse:Panther:Pig:Sheep:TimberWolf:WanderingHealer:BrownBear 2513 782 0 2 5 10 50 50 1 19
* Bird:BlackBear:Boar:Bull:Cougar:Cow:DireWolf:Eagle:Goat:GreatHart:Hind:GrizzlyBear:Horse:Panther:Pig:Sheep:TimberWolf:WanderingHealer:BrownBear 2748 660 0 2 5 10 50 50 1 19
* Bird:BlackBear:Boar:Bull:Cougar:Cow:DireWolf:Eagle:Goat:GreatHart:Hind:GrizzlyBear:Horse:Panther:Pig:Sheep:TimberWolf:WanderingHealer:BrownBear 2765 754 0 2 5 10 50 50 1 19
* Bird:BlackBear:Boar:Bull:Cougar:Cow:DireWolf:Eagle:Goat:GreatHart:Hind:GrizzlyBear:Horse:Panther:Pig:Sheep:TimberWolf:WanderingHealer:BrownBear 2668 1020 0 2 5 10 50 50 1 19
* Bird:BlackBear:Boar:Bull:Cougar:Cow:DireWolf:Eagle:Goat:GreatHart:Hind:GrizzlyBear:Horse:Panther:Pig:Sheep:TimberWolf:WanderingHealer:BrownBear 2669 922 0 2 5 10 50 50 1 19
* Bird:BlackBear:Boar:Bull:Cougar:Cow:DireWolf:Eagle:Goat:GreatHart:Hind:GrizzlyBear:Horse:Panther:Pig:Sheep:TimberWolf:WanderingHealer:BrownBear 2672 814 0 2 5 10 50 50 1 19
* Bird:BlackBear:Boar:Bull:Cougar:Cow:DireWolf:Eagle:Goat:GreatHart:Hind:GrizzlyBear:Horse:Panther:Pig:Sheep:TimberWolf:WanderingHealer:BrownBear 2643 728 0 2 5 10 50 50 1 19
* Bird:BlackBear:Boar:Bull:Cougar:Cow:DireWolf:Eagle:Goat:GreatHart:Hind:GrizzlyBear:Horse:Panther:Pig:Sheep:TimberWolf:WanderingHealer:BrownBear 2888 391 0 2 5 10 50 50 1 19
* Bird:BlackBear:Boar:Bull:Cougar:Cow:DireWolf:Eagle:Goat:GreatHart:Hind:GrizzlyBear:Horse:Panther:Pig:Sheep:TimberWolf:WanderingHealer:BrownBear 2735 417 15 2 5 10 50 50 1 19
* Bird:BlackBear:Boar:Bull:Cougar:Cow:DireWolf:Eagle:Goat:GreatHart:Hind:GrizzlyBear:Horse:Panther:Pig:Sheep:TimberWolf:WanderingHealer:BrownBear 2914 547 0 2 5 10 50 50 1 19
* Bird:BlackBear:Boar:Bull:Cougar:Cow:DireWolf:Eagle:Goat:GreatHart:Hind:GrizzlyBear:Horse:Panther:Pig:Sheep:TimberWolf:WanderingHealer:BrownBear 2814 492 15 2 5 10 50 50 1 19
* Bird:BlackBear:Boar:Bull:Cougar:Cow:DireWolf:Eagle:Goat:GreatHart:Hind:GrizzlyBear:Horse:Panther:Pig:Sheep:TimberWolf:WanderingHealer:BrownBear 2688 524 11 2 5 10 50 50 1 19